/Users/praisedaramola/Google Drive/DRIVE/EE333/p5 (2)/src/main/java/edu/uab/praise24/p5/Activity.java
/Users/praisedaramola/Google Drive/DRIVE/EE333/p5 (2)/src/main/java/edu/uab/praise24/p5/Sorter.java
/Users/praisedaramola/Google Drive/DRIVE/EE333/p5 (2)/src/main/java/edu/uab/praise24/p5/CalendarApp.java
/Users/praisedaramola/Google Drive/DRIVE/EE333/p5 (2)/src/main/java/edu/uab/praise24/p5/Exporter.java
/Users/praisedaramola/Google Drive/DRIVE/EE333/p5 (2)/src/main/java/edu/uab/praise24/p5/Calendar.java
/Users/praisedaramola/Google Drive/DRIVE/EE333/p5 (2)/src/main/java/edu/uab/praise24/p5/Year.java
/Users/praisedaramola/Google Drive/DRIVE/EE333/p5 (2)/src/main/java/edu/uab/praise24/p5/Role.java
/Users/praisedaramola/Google Drive/DRIVE/EE333/p5 (2)/src/main/java/edu/uab/praise24/p5/YearValue.java
/Users/praisedaramola/Google Drive/DRIVE/EE333/p5 (2)/src/main/java/edu/uab/praise24/p5/Date.java
/Users/praisedaramola/Google Drive/DRIVE/EE333/p5 (2)/src/main/java/edu/uab/praise24/p5/Main.java
/Users/praisedaramola/Google Drive/DRIVE/EE333/p5 (2)/src/main/java/edu/uab/praise24/p5/SystemInfo.java
/Users/praisedaramola/Google Drive/DRIVE/EE333/p5 (2)/src/main/java/edu/uab/praise24/p5/Loader.java
/Users/praisedaramola/Google Drive/DRIVE/EE333/p5 (2)/src/main/java/module-info.java
